// Jest Snapshot v1, https://goo.gl/fbAQLP

exports[`renders correctly 1`] = `
<div
  className="MuiFormControl-root MuiTextField-root MuiFormControl-fullWidth"
  style={
    Object {
      "marginBottom": "8px",
    }
  }
>
  <label
    className="MuiFormLabel-root MuiInputLabel-root MuiInputLabel-formControl MuiInputLabel-animated"
    data-shrink={false}
    htmlFor="foobar"
    id="foobar-label"
  >
    Foobar
  </label>
  <div
    className="MuiInputBase-root MuiInput-root MuiInput-underline MuiInputBase-fullWidth MuiInput-fullWidth MuiInputBase-formControl MuiInput-formControl"
    onClick={[Function]}
  >
    <input
      aria-describedby="foobar-helper-text"
      aria-invalid={false}
      autoFocus={false}
      className="MuiInputBase-input MuiInput-input"
      disabled={false}
      id="foobar"
      name="foobar"
      onAnimationStart={[Function]}
      onBlur={[Function]}
      onChange={[Function]}
      onFocus={[Function]}
      placeholder="Foobar"
      required={false}
      type="text"
    />
  </div>
  <p
    className="MuiFormHelperText-root"
    id="foobar-helper-text"
  >
     
  </p>
</div>
`;
